---
source: snipdoc/src/db/code.rs
expression: code.load()
---
Ok(
    DBData {
        snippets: {
            "description": Snippet {
                id: "description",
                content: "test[NEW_LINE]snipdoc",
                kind: Code,
                path: "README.md",
            },
            "installation": Snippet {
                id: "installation",
                content: "```[NEW_LINE]cargo install snipdoc[NEW_LINE]```",
                kind: Code,
                path: "README.md",
            },
        },
        templates: {},
    },
)
