---
source: snipdoc/src/db/code.rs
expression: code.load()
---
Ok(
    DBData {
        snippets: {
            "description": Snippet {
                id: "description",
                content: "test\nsnipdoc",
                kind: Code,
                path: "README.md",
            },
            "installation": Snippet {
                id: "installation",
                content: "```\ncargo install snipdoc\n```",
                kind: Code,
                path: "README.md",
            },
        },
    },
)
